Local CI/CD Test Report
========================
Date: Sat Feb 14 20:25:35 +05 2026
Commit: 7548b43804f4308bfb0e46a89aedc70dc8ae5576
Branch: master

Results:
✅ Code formatting: PASSED
✅ Tests: PASSED
✅ Coverage: 1.3%
✅ Linting: PASSED
⚠️  Security scan: SKIPPED
✅ Build: PASSED
✅ Multi-tier metrics: VERIFIED
✅ Docker build: PASSED

All critical checks passed! Ready for deployment.
